{
    "events": [
        {
            "event": "BBe4UujWIHC",
            "eventDate": "2020-10-22T00:00:00.000",
            "orgUnit": "H8RixfF8ugH",
            "program": "aaQUpMGyBEB",
            "programStage": "psAUpMGyBEB",
            "deleted": false,
            "created": "2021-03-25T12:39:53.875",
            "lastUpdated": "2021-03-25T12:39:53.875",
            "dueDate": "2021-03-25T12:39:53.875",
            "dataValues": [
                {
                    "created": "2021-03-25T12:39:53.875",
                    "lastUpdated": "2021-03-25T12:39:53.875",
                    "dataElement": "aaaNQPF6FWb",
                    "value": "1111",
                    "storedBy": "",
                    "providedElsewhere": false
                },
                {
                    "created": "2021-03-25T12:39:53.875",
                    "lastUpdated": "2021-03-25T12:39:53.875",
                    "dataElement": "sKBh1kazOCk",
                    "value": "2222",
                    "storedBy": "",
                    "providedElsewhere": false
                }
            ],
            "id": "BBe4UujWIHC",
            "status": "ACTIVE",
            "storedBy": "",
            "href": ""
        },
        {
            "event": "BBe4UujWIHC",
            "eventDate": "2020-10-23T00:00:00.000",
            "orgUnit": "H8RixfF8ugH",
            "program": "bbQUpMGyBEB",
            "programStage": "psBUpMGyBEB",
            "deleted": false,
            "created": "2021-03-25T12:39:53.875",
            "lastUpdated": "2021-03-25T12:39:53.875",
            "dueDate": "2021-03-25T12:39:53.875",
            "dataValues": [
                {
                    "created": "2021-03-25T12:39:53.875",
                    "lastUpdated": "2021-03-25T12:39:53.875",
                    "dataElement": "IW2EGccT7jT",
                    "value": "Op_Gender_Male",
                    "storedBy": "",
                    "providedElsewhere": false
                }
            ],
            "id": "BBe4UujWIHC",
            "status": "ACTIVE",
            "storedBy": "",
            "href": ""
        }
    ]
}
