{
    "trackedEntityInstances": [
        {
            "created": "2021-02-04T13:38:53.970",
            "orgUnit": "H8RixfF8ugH",
            "createdAtClient": "2021-02-04T13:38:53.970",
            "trackedEntityInstance": "yS8wPJp8AcN",
            "lastUpdated": "2021-03-15T06:08:55.291",
            "trackedEntityType": "MCPQUTHX1Ze",
            "lastUpdatedAtClient": "2021-02-04T13:38:53.970",
            "inactive": false,
            "deleted": false,
            "featureType": "NONE",
            "programOwners": [
                {
                    "ownerOrgUnit": "H8RixfF8ugH",
                    "program": "ogQUpMGyBEB",
                    "trackedEntityInstance": "yS8wPJp8AcN"
                }
            ],
            "enrollments": [
                {
                    "storedBy": "pablo.foche",
                    "created": "2021-02-04T13:38:54.080",
                    "orgUnit": "H8RixfF8ugH",
                    "createdAtClient": "2021-02-04T13:38:54.082",
                    "program": "ogQUpMGyBEB",
                    "trackedEntityInstance": "yS8wPJp8AcN",
                    "enrollment": "XolUorFOIlo",
                    "lastUpdated": "2021-03-15T06:08:55.290",
                    "trackedEntityType": "MCPQUTHX1Ze",
                    "lastUpdatedAtClient": "2021-03-15T06:08:55.290",
                    "orgUnitName": "Global",
                    "enrollmentDate": "2020-10-22T00:00:00.000",
                    "deleted": false,
                    "incidentDate": "2021-02-04T00:00:00.000",
                    "status": "ACTIVE",
                    "notes": [],
                    "relationships": [],
                    "attributes": [],
                    "events": []
                }
            ],
            "relationships": [
                {
                    "lastUpdated": "2021-02-25T10:33:25.962",
                    "created": "2021-02-25T10:33:25.962",
                    "relationshipName": "Siblings",
                    "bidirectional": true,
                    "relationshipType": "myB1p3dl2vX",
                    "relationship": "NePJbSIUriH",
                    "from": {
                        "trackedEntityInstance": {
                            "trackedEntityInstance": "yS8wPJp8AcN",
                            "programOwners": []
                        }
                    },
                    "to": {
                        "trackedEntityInstance": {
                            "trackedEntityInstance": "k6hMJ43yksj",
                            "programOwners": []
                        }
                    }
                }
            ],
            "attributes": [
                {
                    "lastUpdated": "2021-03-12T07:10:43.173",
                    "storedBy": "ignacio.foche",
                    "code": "LEISHMAN_At_CL_UniqueIdentifier",
                    "displayName": "LEISHMAN CL Unique identifier",
                    "created": "2021-02-04T13:38:53.973",
                    "valueType": "TEXT",
                    "attribute": "qczNQPF6FWb",
                    "value": "Jorge"
                }
            ]
        }
    ]
}
