{
    "dataValues": [
        {
            "dataElement": "ysN9dTOAwXf",
            "period": "2021",
            "orgUnit": "BWW8zaLISW4",
            "value": "12.0"
        }
    ]
}
