{
    "dataValues": [
        {
            "dataElement": "hrv4hSVUzSH",
            "period": "202110",
            "orgUnit": "BWW8zaLISW4",
            "value": "1",
            "comment": "test"
        },
        {
            "dataElement": "HDiPuHnjfMI",
            "period": "202110",
            "orgUnit": "BWW8zaLISW4",
            "value": "AA"
        }
    ]
}
