{
    "dataValues": [
        {
            "dataElement": "F6yeCU8jIbq",
            "period": "202110",
            "orgUnit": "BWW8zaLISW4",
            "value": "1",
            "comment": "test"
        },
        {
            "dataElement": "TPEszSDxJxw",
            "period": "202110",
            "orgUnit": "BWW8zaLISW4",
            "value": "A"
        }
    ]
}
