{
    "dataValues": [
        {
            "dataElement": "TPEszSDxJxw",
            "period": "202110",
            "orgUnit": "BWW8zaLISW4",
            "value": "AA",
            "comment": "AA"
        }
    ]
}
