{
    "dataValues": [
        {
            "dataElement": "g6cDpAHUdhj",
            "period": "202110",
            "orgUnit": "BWW8zaLISW4",
            "value": "7.7"
        }
    ]
}
