{
    "trackedEntityInstances": [
        {
            "created": "2021-02-04T13:38:53.970",
            "orgUnit": "H8RixfF8ugH",
            "createdAtClient": "2021-02-04T13:38:53.970",
            "trackedEntityInstance": "yS8wPJp8AcN",
            "lastUpdated": "2021-03-15T06:08:55.291",
            "trackedEntityType": "MCPQUTHX1Ze",
            "lastUpdatedAtClient": "2021-02-04T13:38:53.970",
            "inactive": false,
            "deleted": false,
            "featureType": "NONE",
            "programOwners": [
                {
                    "ownerOrgUnit": "H8RixfF8ugH",
                    "program": "aaQUpMGyBEB",
                    "trackedEntityInstance": "yS8wPJp8AcN"
                },
                {
                    "ownerOrgUnit": "H8RixfF8ugH",
                    "program": "bbQUpMGyBEB",
                    "trackedEntityInstance": "yS8wPJp8AcN"
                }
            ],
            "enrollments": [
                {
                    "storedBy": "pablo.foche",
                    "created": "2021-02-04T13:38:54.080",
                    "orgUnit": "H8RixfF8ugH",
                    "createdAtClient": "2021-02-04T13:38:54.082",
                    "program": "aaQUpMGyBEB",
                    "trackedEntityInstance": "yS8wPJp8AcN",
                    "enrollment": "XolUorFOIlo",
                    "lastUpdated": "2021-03-15T06:08:55.290",
                    "trackedEntityType": "MCPQUTHX1Ze",
                    "lastUpdatedAtClient": "2021-03-15T06:08:55.290",
                    "orgUnitName": "Global",
                    "enrollmentDate": "2020-10-22T00:00:00.000",
                    "deleted": false,
                    "incidentDate": "2021-02-04T00:00:00.000",
                    "status": "ACTIVE",
                    "notes": [],
                    "relationships": [],
                    "attributes": [],
                    "events": []
                },
                {
                    "storedBy": "pablo.foche",
                    "created": "2021-02-04T13:38:54.080",
                    "orgUnit": "H8RixfF8ugH",
                    "createdAtClient": "2021-02-04T13:38:54.082",
                    "program": "bbQUpMGyBEB",
                    "trackedEntityInstance": "yS8wPJp8AcN",
                    "enrollment": "XplUorFOIlo",
                    "lastUpdated": "2021-03-15T06:08:55.290",
                    "trackedEntityType": "MCPQUTHX1Ze",
                    "lastUpdatedAtClient": "2021-03-15T06:08:55.290",
                    "orgUnitName": "Global",
                    "enrollmentDate": "2020-10-22T00:00:00.000",
                    "deleted": false,
                    "incidentDate": "2021-02-04T00:00:00.000",
                    "status": "ACTIVE",
                    "notes": [],
                    "relationships": [],
                    "attributes": [],
                    "events": []
                }
            ],
            "relationships": [],
            "attributes": [
                {
                    "lastUpdated": "2021-03-12T07:10:43.173",
                    "storedBy": "ignacio.foche",
                    "code": "LEISHMAN_At_CL_UniqueIdentifier",
                    "displayName": "LEISHMAN CL Unique identifier",
                    "created": "2021-02-04T13:38:53.973",
                    "valueType": "TEXT",
                    "attribute": "qczNQPF6FWb",
                    "value": "Jorge"
                },
                {
                    "lastUpdated": "2021-02-04T13:38:53.973",
                    "storedBy": "pablo.foche",
                    "code": "ATT_PID",
                    "displayName": "Patient ID",
                    "created": "2021-02-04T13:38:53.973",
                    "valueType": "TEXT",
                    "attribute": "sKBh0kazOCk",
                    "value": "12216"
                },
                {
                    "lastUpdated": "2021-02-04T13:38:53.972",
                    "storedBy": "pablo.foche",
                    "code": "ATT_Gender",
                    "displayName": "Gender",
                    "created": "2021-02-04T13:38:53.972",
                    "valueType": "TEXT",
                    "attribute": "IW1EGccT7jT",
                    "value": "Op_Gender_Male"
                }
            ]
        }
    ]
}
